nohup: ignoring input
◇ injected env (11) from .env // tip: ⌘ custom filepath { path: '/custom/path/.env' }
🔗 Connected to Solana devnet
👤 Agent: 7AjzYjSToCvA4SRhFNvtEprnoeVNgoDxZPiHbfDFrntM
📋 Policy PDA: 5VZTRiNunetnnVNaxBRyMTCxQgbrUXce5YZsR7yQB8tt

🚀 ASA Guard server running on http://localhost:3000
   Health:  GET  /api/health
   Policy:  GET  /api/policy
   Trade:   POST /api/approve-trade
   Update:  POST /api/build-update-policy
   Auth:    POST /api/auth/telegram

✅ approveTrade OK — 100000000 lamports — tx: 23kYEW9KqpWhoZU4CpqNVxfTa9KpBJN93tiG62oDX7wHyg35Up4XMTkQ7RfTpzvn7BjikCoiG9KcAPAG5KVkpU1q
❌ approveTrade REJECTED — Amount melebihi max buy per trade
✅ approveTrade OK — 100000000 lamports — tx: 4PUHMPtMCrcfksqsNexG76c7Sjq5S7Rpto7TeM1QzaQkwTM8s2tBerovq4RjXVU8NGS3P4iZaVcvq9W7vWx28jkR
❌ approveTrade REJECTED — Amount melebihi max buy per trade
❌ approveTrade REJECTED — Amount melebihi max buy per trade
❌ approveTrade REJECTED — Amount melebihi max buy per trade
❌ approveTrade REJECTED — Amount melebihi max buy per trade
❌ approveTrade REJECTED — Amount melebihi max buy per trade
❌ approveTrade REJECTED — Amount melebihi max buy per trade
❌ approveTrade REJECTED — Amount melebihi max buy per trade
❌ approveTrade REJECTED — Amount melebihi max buy per trade
❌ approveTrade REJECTED — Amount melebihi max buy per trade
✅ Login approved: @jxiexy
nohup: ignoring input
◇ injected env (11) from .env // tip: ◈ encrypted .env [www.dotenvx.com]
🔗 Connected to Solana devnet
👤 Agent: 7AjzYjSToCvA4SRhFNvtEprnoeVNgoDxZPiHbfDFrntM
📋 Policy PDA: 5VZTRiNunetnnVNaxBRyMTCxQgbrUXce5YZsR7yQB8tt

🚀 ASA Guard server running on http://localhost:3000
   Health:  GET  /api/health
   Policy:  GET  /api/policy
   Trade:   POST /api/approve-trade
   Update:  POST /api/build-update-policy
   Auth:    POST /api/auth/telegram

nohup: ignoring input
◇ injected env (11) from .env // tip: ◈ secrets for agents [www.dotenvx.com]
🔗 Connected to Solana devnet
👤 Agent: 7AjzYjSToCvA4SRhFNvtEprnoeVNgoDxZPiHbfDFrntM
📋 Policy PDA: 5VZTRiNunetnnVNaxBRyMTCxQgbrUXce5YZsR7yQB8tt

🚀 ASA Guard server running on http://localhost:3000
   Health:  GET  /api/health
   Policy:  GET  /api/policy
   Trade:   POST /api/approve-trade
   Update:  POST /api/build-update-policy
   Auth:    POST /api/auth/telegram

✅ Login approved: @jxiexy
nohup: ignoring input
◇ injected env (11) from .env // tip: ◈ encrypted .env [www.dotenvx.com]
🔗 Connected to Solana devnet
👤 Agent: 7AjzYjSToCvA4SRhFNvtEprnoeVNgoDxZPiHbfDFrntM
📋 Policy PDA: 5VZTRiNunetnnVNaxBRyMTCxQgbrUXce5YZsR7yQB8tt

🚀 ASA Guard server running on http://localhost:3000
   Health:  GET  /api/health
   Policy:  GET  /api/policy
   Trade:   POST /api/approve-trade
   Update:  POST /api/build-update-policy
   Auth:    POST /api/auth/telegram

✅ Login approved: @jxiexy
nohup: ignoring input
◇ injected env (11) from .env // tip: ◈ secrets for agents [www.dotenvx.com]
🔗 Connected to Solana devnet
👤 Agent: 7AjzYjSToCvA4SRhFNvtEprnoeVNgoDxZPiHbfDFrntM
📋 Policy PDA: 5VZTRiNunetnnVNaxBRyMTCxQgbrUXce5YZsR7yQB8tt

🚀 ASA Guard server running on http://localhost:3000
   Health:  GET  /api/health
   Policy:  GET  /api/policy
   Trade:   POST /api/approve-trade
   Update:  POST /api/build-update-policy
   Auth:    POST /api/auth/telegram

✅ Login approved: @jxiexy
nohup: ignoring input
◇ injected env (11) from .env // tip: ⌘ multiple files { path: ['.env.local', '.env'] }
🔗 Connected to Solana devnet
👤 Agent: 7AjzYjSToCvA4SRhFNvtEprnoeVNgoDxZPiHbfDFrntM
📋 Policy PDA: 5VZTRiNunetnnVNaxBRyMTCxQgbrUXce5YZsR7yQB8tt

🚀 ASA Guard server running on http://localhost:3000
   Health:  GET  /api/health
   Policy:  GET  /api/policy
   Trade:   POST /api/approve-trade
   Update:  POST /api/build-update-policy
   Auth:    POST /api/auth/telegram

✅ Login approved: @jxiexy
nohup: ignoring input
◇ injected env (11) from .env // tip: ⌁ auth for agents [www.vestauth.com]
🔗 Connected to Solana devnet
👤 Agent: 7AjzYjSToCvA4SRhFNvtEprnoeVNgoDxZPiHbfDFrntM
📋 Policy PDA: 5VZTRiNunetnnVNaxBRyMTCxQgbrUXce5YZsR7yQB8tt

🚀 ASA Guard server running on http://localhost:3000
   Health:  GET  /api/health
   Policy:  GET  /api/policy
   Trade:   POST /api/approve-trade
   Update:  POST /api/build-update-policy
   Auth:    POST /api/auth/telegram

✅ Login approved: @jxiexy
nohup: ignoring input
◇ injected env (11) from .env // tip: ⌘ custom filepath { path: '/custom/path/.env' }
🔗 Connected to Solana devnet
👤 Agent: 7AjzYjSToCvA4SRhFNvtEprnoeVNgoDxZPiHbfDFrntM
📋 Policy PDA: 5VZTRiNunetnnVNaxBRyMTCxQgbrUXce5YZsR7yQB8tt

🚀 ASA Guard server running on http://localhost:3000
   Health:  GET  /api/health
   Policy:  GET  /api/policy
   Trade:   POST /api/approve-trade
   Update:  POST /api/build-update-policy
   Auth:    POST /api/auth/telegram

✅ Login approved: @jxiexy
nohup: ignoring input
◇ injected env (11) from .env // tip: ⌘ enable debugging { debug: true }
🔗 Connected to Solana devnet
👤 Agent: 7AjzYjSToCvA4SRhFNvtEprnoeVNgoDxZPiHbfDFrntM
📋 Policy PDA: 5VZTRiNunetnnVNaxBRyMTCxQgbrUXce5YZsR7yQB8tt

🚀 ASA Guard server running on http://localhost:3000
   Health:  GET  /api/health
   Policy:  GET  /api/policy
   Trade:   POST /api/approve-trade
   Update:  POST /api/build-update-policy
   Auth:    POST /api/auth/telegram

✅ Login approved: @jxiexy
nohup: ignoring input
◇ injected env (11) from .env // tip: ⌘ override existing { override: true }
🔗 Connected to Solana devnet
👤 Agent: 7AjzYjSToCvA4SRhFNvtEprnoeVNgoDxZPiHbfDFrntM
📋 Policy PDA: 5VZTRiNunetnnVNaxBRyMTCxQgbrUXce5YZsR7yQB8tt

🚀 ASA Guard server running on http://localhost:3000
   Health:  GET  /api/health
   Policy:  GET  /api/policy
   Trade:   POST /api/approve-trade
   Update:  POST /api/build-update-policy
   Auth:    POST /api/auth/telegram

✅ Login approved: @jxiexy
nohup: ignoring input
◇ injected env (11) from .env // tip: ⌘ multiple files { path: ['.env.local', '.env'] }
🔗 Connected to Solana devnet
👤 Agent: 7AjzYjSToCvA4SRhFNvtEprnoeVNgoDxZPiHbfDFrntM
📋 Policy PDA: 5VZTRiNunetnnVNaxBRyMTCxQgbrUXce5YZsR7yQB8tt

🚀 ASA Guard server running on http://localhost:3000
   Health:  GET  /api/health
   Policy:  GET  /api/policy
   Trade:   POST /api/approve-trade
   Update:  POST /api/build-update-policy
   Auth:    POST /api/auth/telegram

✅ Login approved: @jxiexy
nohup: ignoring input
◇ injected env (11) from .env // tip: ⌘ enable debugging { debug: true }
🔗 Connected to Solana devnet
👤 Agent: 7AjzYjSToCvA4SRhFNvtEprnoeVNgoDxZPiHbfDFrntM
📋 Policy PDA: 5VZTRiNunetnnVNaxBRyMTCxQgbrUXce5YZsR7yQB8tt

🚀 ASA Guard server running on http://localhost:3000
   Health:  GET  /api/health
   Policy:  GET  /api/policy
   Trade:   POST /api/approve-trade
   Update:  POST /api/build-update-policy
   Auth:    POST /api/auth/telegram

✅ Login approved: @jxiexy
nohup: ignoring input
◇ injected env (11) from .env // tip: ⌘ custom filepath { path: '/custom/path/.env' }
🔗 Connected to Solana devnet
👤 Agent: 7AjzYjSToCvA4SRhFNvtEprnoeVNgoDxZPiHbfDFrntM
📋 Policy PDA: 5VZTRiNunetnnVNaxBRyMTCxQgbrUXce5YZsR7yQB8tt

🚀 ASA Guard server running on http://localhost:3000
   Health:  GET  /api/health
   Policy:  GET  /api/policy
   Trade:   POST /api/approve-trade
   Update:  POST /api/build-update-policy
   Auth:    POST /api/auth/telegram

✅ Login approved: @jxiexy
nohup: ignoring input
◇ injected env (11) from .env // tip: ⌘ custom filepath { path: '/custom/path/.env' }
🔗 Connected to Solana devnet
👤 Agent: 7AjzYjSToCvA4SRhFNvtEprnoeVNgoDxZPiHbfDFrntM
📋 Policy PDA: 5VZTRiNunetnnVNaxBRyMTCxQgbrUXce5YZsR7yQB8tt

🚀 ASA Guard server running on http://localhost:3000
   Health:  GET  /api/health
   Policy:  GET  /api/policy
   Trade:   POST /api/approve-trade
   Update:  POST /api/build-update-policy
   Auth:    POST /api/auth/telegram

✅ Login approved: @jxiexy
✅ approveTrade OK — 100000000 lamports — tx: 5MjbFQ9BbuqBZrVzD82RM2VTUPgXx7ZeF3NQ5sq8LZHpDUkoVnVWf1ikpArBuL8iiC487BJir1VqNMqaf4WfdPmP
❌ approveTrade REJECTED — Amount melebihi max buy per trade
❌ approveTrade REJECTED — Amount melebihi max buy per trade
❌ approveTrade REJECTED — Amount melebihi max buy per trade
❌ approveTrade REJECTED — Amount melebihi max buy per trade
❌ approveTrade REJECTED — Amount melebihi max buy per trade
❌ approveTrade REJECTED — Amount melebihi max buy per trade
❌ approveTrade REJECTED — Amount melebihi max buy per trade
❌ approveTrade REJECTED — Amount melebihi max buy per trade
✅ approveTrade OK — 100000000 lamports — tx: 2dXkjrGHhnZND6K3ZFJSKsLBBgohPjrgSwgFD8sTNUvcWztwazosR952W6eq8MrUn61G7B5yNvazFf43kn3nxzxb
❌ approveTrade REJECTED — Amount melebihi max buy per trade
❌ approveTrade REJECTED — Amount melebihi max buy per trade
✅ approveTrade OK — 100000000 lamports — tx: 48CfPGJvHhXknvraJYvrMPNRVA51t831CT7iGg7XL3QVg8MeKYLDhLc2tq21MqqatAkD9LVpmo9Acv3k744JgULh
❌ approveTrade REJECTED — Amount melebihi max buy per trade
❌ approveTrade REJECTED — Amount melebihi max buy per trade
❌ approveTrade REJECTED — Amount melebihi max buy per trade
❌ approveTrade REJECTED — Amount melebihi max buy per trade
❌ approveTrade REJECTED — Amount melebihi max buy per trade
❌ approveTrade REJECTED — Amount melebihi max buy per trade
❌ approveTrade REJECTED — Amount melebihi max buy per trade
❌ approveTrade REJECTED — Amount melebihi max buy per trade
❌ approveTrade REJECTED — Amount melebihi max buy per trade
✅ approveTrade OK — 100000000 lamports — tx: 4heVHqGPmLcZ2JrEp5vmbKDbuoT9EwU3ZztxMS6gR2bbvjkXVhqSsm2BLh3MDokTBujn3rYgrpyLXraKsLLKCsek
nohup: ignoring input
◇ injected env (11) from .env // tip: ⌘ suppress logs { quiet: true }
🔗 Connected to Solana devnet
👤 Agent: 7AjzYjSToCvA4SRhFNvtEprnoeVNgoDxZPiHbfDFrntM
📋 Policy PDA: 5VZTRiNunetnnVNaxBRyMTCxQgbrUXce5YZsR7yQB8tt

🚀 ASA Guard server running on http://localhost:3000
   Health:  GET  /api/health
   Policy:  GET  /api/policy
   Trade:   POST /api/approve-trade
   Update:  POST /api/build-update-policy
   Auth:    POST /api/auth/telegram

❌ approveTrade REJECTED — Amount melebihi max buy per trade
✅ Login approved: @jxiexy
❌ approveTrade REJECTED — Amount melebihi max buy per trade
✅ approveTrade OK — 100000000 lamports — tx: 5A8gyiyKzRS9PgCZ8FBncr1BNxFfptYe8HxZpU7TYxrDqyWKyc1h7LcPpbxwVw55tZwWN5uGBuNhFACqwMnJFLTK
❌ approveTrade REJECTED — Amount melebihi max buy per trade
❌ approveTrade REJECTED — Amount melebihi max buy per trade
❌ approveTrade REJECTED — Amount melebihi max buy per trade
❌ approveTrade REJECTED — Amount melebihi max buy per trade
❌ approveTrade REJECTED — Amount melebihi max buy per trade
❌ approveTrade REJECTED — Amount melebihi max buy per trade
❌ approveTrade REJECTED — Amount melebihi max buy per trade
❌ approveTrade REJECTED — Amount melebihi max buy per trade
❌ approveTrade REJECTED — Amount melebihi max buy per trade
nohup: ignoring input
◇ injected env (11) from .env // tip: ⌘ override existing { override: true }
🔗 Connected to Solana devnet
👤 Agent: 7AjzYjSToCvA4SRhFNvtEprnoeVNgoDxZPiHbfDFrntM
📋 Policy PDA: 5VZTRiNunetnnVNaxBRyMTCxQgbrUXce5YZsR7yQB8tt

🚀 ASA Guard server running on http://localhost:3000
   Health:  GET  /api/health
   Policy:  GET  /api/policy
   Trade:   POST /api/approve-trade
   Update:  POST /api/build-update-policy
   Auth:    POST /api/auth/telegram

❌ approveTrade REJECTED — Amount melebihi max buy per trade
❌ approveTrade REJECTED — Amount melebihi max buy per trade
✅ Login approved: @jxiexy
❌ approveTrade REJECTED — Amount melebihi max buy per trade
❌ approveTrade REJECTED — Amount melebihi max buy per trade
❌ approveTrade REJECTED — Amount melebihi max buy per trade
❌ approveTrade REJECTED — Amount melebihi max buy per trade
❌ approveTrade REJECTED — Amount melebihi max buy per trade
❌ approveTrade REJECTED — Amount melebihi max buy per trade
❌ approveTrade REJECTED — Amount melebihi max buy per trade
❌ approveTrade REJECTED — Amount melebihi max buy per trade
nohup: ignoring input
◇ injected env (11) from .env // tip: ⌘ custom filepath { path: '/custom/path/.env' }
🔗 Connected to Solana devnet
👤 Agent: 7AjzYjSToCvA4SRhFNvtEprnoeVNgoDxZPiHbfDFrntM
📋 Policy PDA: 5VZTRiNunetnnVNaxBRyMTCxQgbrUXce5YZsR7yQB8tt

🚀 ASA Guard server running on http://localhost:3000
   Health:  GET  /api/health
   Policy:  GET  /api/policy
   Trade:   POST /api/approve-trade
   Update:  POST /api/build-update-policy
   Auth:    POST /api/auth/telegram

❌ approveTrade REJECTED — Amount melebihi max buy per trade
❌ approveTrade REJECTED — Amount melebihi max buy per trade
❌ approveTrade REJECTED — Amount melebihi max buy per trade
nohup: ignoring input
◇ injected env (11) from .env // tip: ⌁ auth for agents [www.vestauth.com]
🔗 Connected to Solana devnet
👤 Agent: 7AjzYjSToCvA4SRhFNvtEprnoeVNgoDxZPiHbfDFrntM
📋 Policy PDA: 5VZTRiNunetnnVNaxBRyMTCxQgbrUXce5YZsR7yQB8tt

🚀 ASA Guard server running on http://localhost:3000
   Health:  GET  /api/health
   Policy:  GET  /api/policy
   Trade:   POST /api/approve-trade
   Update:  POST /api/build-update-policy
   Auth:    POST /api/auth/telegram

❌ approveTrade REJECTED — Amount melebihi max buy per trade
❌ approveTrade REJECTED — Amount melebihi max buy per trade
❌ approveTrade REJECTED — Amount melebihi max buy per trade
❌ approveTrade REJECTED — Amount melebihi max buy per trade
❌ approveTrade REJECTED — Amount melebihi max buy per trade
✅ approveTrade OK — 500000000 lamports — tx: 2YRLSxUhEchydgJzcQrzhoUxM3p6oSoWBekeQYrqqog6UgPnJrZYw3awzj9suHZB85gcYKYopmWmBtBWChTMArN1
✅ approveTrade OK — 500000000 lamports — tx: 3tyMC8QT5r781uJs44iqDZdTVyDfQfjPttiXdj8K8inXQ7DMDhhsSqtcJFaDHMupaEQ5KsaDw7y6JXpFSWsegSYH
nohup: ignoring input
◇ injected env (11) from .env // tip: ◈ encrypted .env [www.dotenvx.com]
🔗 Connected to Solana devnet
👤 Agent: 7AjzYjSToCvA4SRhFNvtEprnoeVNgoDxZPiHbfDFrntM
📋 Policy PDA: 5VZTRiNunetnnVNaxBRyMTCxQgbrUXce5YZsR7yQB8tt

🚀 ASA Guard server running on http://localhost:3000
   Health:  GET  /api/health
   Policy:  GET  /api/policy
   Trade:   POST /api/approve-trade
   Update:  POST /api/build-update-policy
   Auth:    POST /api/auth/telegram

✅ approveTrade OK — 200000000 lamports — tx: Uoi3GZw2RXGfV1QFxx3jJKX6rbHo2MHZYTv7XXNMqvzCEBXZdwA6pB55NxTWiGdfW9JN3GWiswzSoApcWVNutrS
✅ Login approved: @jxiexy
✅ approveTrade OK — 150000000 lamports — tx: 5oZZ7ayX9uPWsyUaPE8weZoFgFS6gBZtJoUdoJYYLM2qJQhHhFCEF6FRqgRfnkb5p7YaY8A6oU7s7JBmaHC5XxcF
✅ approveTrade OK — 200000000 lamports — tx: ZtRUik1k71MqY2JqaGLPfZAKyVDTdzNHWPedXaVikmsk5rJrwMAtkw3k4igRWKvi2sL4f1vjK7wSpwLoTNjdjQD
✅ approveTrade OK — 500000000 lamports — tx: Q2DS9jji6AxRaVYQK23tCd4LqXWULZJjNeRnbm3b5LHRGnkw4b9R5qK33WsM4VTsNvRVqhno3fXUrqAe4jGNkQK
✅ approveTrade OK — 2000000000 lamports — tx: 2SHfCnQJf1ZRQAGKdsPjZM5iE81PG5e3Sb49vPXhRz21ExjCdXqWaxKyY1g1Xagwtem3MD8dDjKvRfa3A6ZZjChR
✅ approveTrade OK — 100000000 lamports — tx: 3XiYQ8kJAndun1Xde6MkbYrjX3MtqUJD8nwKoHeiNn5UDf8yQhTLLdeaiqMYWyL8YxRcLaHwCrw5shksS2wj3KER
✅ approveTrade OK — 150000000 lamports — tx: 3vwq3tZ7BWYGRCVEeDLhzR29dsms2pJ3XTi9ivjMMW1wKgeFJNFY9keFNHd9Jn5UXaBUtY87jvzCxofXAtP7eujK
✅ approveTrade OK — 300000000 lamports — tx: JVMnN7KDtGSaWogXq2g1xahavNjCoGuMN1Ksk4ppj9SRTKvq1dbDrwrwqXc9sLmBGpo77dBYy4oQA4dTRBAb2HV
nohup: ignoring input
◇ injected env (11) from .env // tip: ⌘ override existing { override: true }
🔗 Connected to Solana devnet
👤 Agent: 7AjzYjSToCvA4SRhFNvtEprnoeVNgoDxZPiHbfDFrntM
📋 Policy PDA: 5VZTRiNunetnnVNaxBRyMTCxQgbrUXce5YZsR7yQB8tt

🚀 ASA Guard server running on http://localhost:3000
   Health:  GET  /api/health
   Policy:  GET  /api/policy
   Trade:   POST /api/approve-trade
   Update:  POST /api/build-update-policy
   Auth:    POST /api/auth/telegram

nohup: ignoring input
◇ injected env (11) from .env // tip: ⌘ enable debugging { debug: true }
🔗 Connected to Solana devnet
👤 Agent: 7AjzYjSToCvA4SRhFNvtEprnoeVNgoDxZPiHbfDFrntM
📋 Policy PDA: 5VZTRiNunetnnVNaxBRyMTCxQgbrUXce5YZsR7yQB8tt

🚀 ASA Guard server running on http://localhost:3000
   Health:  GET  /api/health
   Policy:  GET  /api/policy
   Trade:   POST /api/approve-trade
   Update:  POST /api/build-update-policy
   Auth:    POST /api/auth/telegram

nohup: ignoring input
◇ injected env (11) from .env // tip: ⌁ auth for agents [www.vestauth.com]
🔗 Connected to Solana devnet
👤 Agent: 7AjzYjSToCvA4SRhFNvtEprnoeVNgoDxZPiHbfDFrntM
📋 Policy PDA: 5VZTRiNunetnnVNaxBRyMTCxQgbrUXce5YZsR7yQB8tt

🚀 ASA Guard server running on http://localhost:3000
   Health:  GET  /api/health
   Policy:  GET  /api/policy
   Trade:   POST /api/approve-trade
   Update:  POST /api/build-update-policy
   Auth:    POST /api/auth/telegram

nohup: ignoring input
◇ injected env (11) from .env // tip: ⌁ auth for agents [www.vestauth.com]
🔗 Connected to Solana devnet
👤 Agent: 7AjzYjSToCvA4SRhFNvtEprnoeVNgoDxZPiHbfDFrntM
📋 Policy PDA: 5VZTRiNunetnnVNaxBRyMTCxQgbrUXce5YZsR7yQB8tt

🚀 ASA Guard server running on http://localhost:3000
   Health:  GET  /api/health
   Policy:  GET  /api/policy
   Trade:   POST /api/approve-trade
   Update:  POST /api/build-update-policy
   Auth:    POST /api/auth/telegram

✅ Login approved: @jxiexy
nohup: ignoring input
python3: can't open file '/home/yaelah/asa-guard/client/asa_bot.py': [Errno 2] No such file or directory
nohup: nohup: ignoring inputignoring input

python3: can't open file '/home/yaelah/asa-guard/client/asa_bot.py': [Errno 2] No such file or directory
◇ injected env (11) from .env // tip: ⌁ auth for agents [www.vestauth.com]
🔗 Connected to Solana devnet
👤 Agent: 7AjzYjSToCvA4SRhFNvtEprnoeVNgoDxZPiHbfDFrntM
📋 Policy PDA: 5VZTRiNunetnnVNaxBRyMTCxQgbrUXce5YZsR7yQB8tt

🚀 ASA Guard server running on http://localhost:3000
   Health:  GET  /api/health
   Policy:  GET  /api/policy
   Trade:   POST /api/approve-trade
   Update:  POST /api/build-update-policy
   Auth:    POST /api/auth/telegram

nohup: ignoring input
python3: can't open file '/home/yaelah/asa-guard/client/asa_bot.py': [Errno 2] No such file or directory
nohup: ignoring input
python3: can't open file '/home/yaelah/asa-guard/client/asa_bot.py': [Errno 2] No such file or directory
nohup: ignoring input
✅ approveTrade OK — 300000000 lamports — tx: 5HRReefzUhLR7z2Cs9LgDPpW3SbFfPoE9ggz3MHNzMKW45EHD693FteV2rJZxZKwAB1bCDgBq3NwkuyFZKSJzCiT
✅ approveTrade OK — 200000000 lamports — tx: 2f5go2Lw9cpWyZdTADqUJCLxaWprsADJ9R4UvQs8h3gtDVZ2D91qUDgKujMJ5BkDeCzCWXeK16Mn2tY2mGaD6Ggg
✅ approveTrade OK — 2000000000 lamports — tx: 43ZDr1YAu4anpVXQqmZMocm59b4jqCFNvniYYJmht3LhrZcrATVVUynQRafRYh8CbzPEWEzcoQ4CQCdigSYPY69g
✅ Login approved: @jxiexy
✅ approveTrade OK — 150000000 lamports — tx: 61s24r2ncVC54zMWovwjyvH9iCRBBcZ9HpSQk3Z4dzspGYRqjPiJqZjJC13JFFu6U6iEpDDmHHX9RE4D84HPZRvA
◇ injected env (11) from .env // tip: ⌘ override existing { override: true }
🔗 Connected to Solana devnet
👤 Agent: 7AjzYjSToCvA4SRhFNvtEprnoeVNgoDxZPiHbfDFrntM
📋 Policy PDA: 5VZTRiNunetnnVNaxBRyMTCxQgbrUXce5YZsR7yQB8tt

🚀 ASA Guard server running on http://localhost:3000
   Health:  GET  /api/health
   Policy:  GET  /api/policy
   Trade:   POST /api/approve-trade
   Update:  POST /api/build-update-policy
   Auth:    POST /api/auth/telegram

◇ injected env (11) from .env // tip: ⌘ enable debugging { debug: true }
🔗 Connected to Solana devnet
👤 Agent: 7AjzYjSToCvA4SRhFNvtEprnoeVNgoDxZPiHbfDFrntM
📋 Policy PDA: 5VZTRiNunetnnVNaxBRyMTCxQgbrUXce5YZsR7yQB8tt

🚀 ASA Guard server running on http://localhost:3000
   Health:  GET  /api/health
   Policy:  GET  /api/policy
   Trade:   POST /api/approve-trade
   Update:  POST /api/build-update-policy
   Auth:    POST /api/auth/telegram

